version https://git-lfs.github.com/spec/v1
oid sha256:bd828d4afb30e359acf4c531e67ae9a3df0b9cf3296c12656d365e76d09e1d31
size 189329
