version https://git-lfs.github.com/spec/v1
oid sha256:2d5978cc760a7fb2373e87ae707082bdf055d85cb5076a32c3b9297a89af315e
size 2050886
