version https://git-lfs.github.com/spec/v1
oid sha256:57d39716262a8b821d8c7bed82ed2db9789a50913a87b9f734e2b0e680841c72
size 2172862
