18690	4.3	0.1	0.2	.	1	3163	(5340841)	C	L1P1	LINE/L1	(2983)	3338	178	1
