version https://git-lfs.github.com/spec/v1
oid sha256:c066adcde50151f888e410557df4bdb221dc9d272acbdef61698647207e541f9
size 353619
