version https://git-lfs.github.com/spec/v1
oid sha256:0649ac0902851914a091e22374d1f8e982e9999f98a2f3f80c99022595bf090b
size 460442
