version https://git-lfs.github.com/spec/v1
oid sha256:ad76e767ca0556b7e22c88c1f303a0bf2a8c46ff56f658f433969a0366cdb4f2
size 406678
