version https://git-lfs.github.com/spec/v1
oid sha256:d3941d1427e1765aa9df69343476e16772acebc8de0babf906c617612391ba1b
size 119
