version https://git-lfs.github.com/spec/v1
oid sha256:ba58f994036b92cc9bd88d69e8bcf225aea1a3bd15d0a31050b63740380467d4
size 1046
