version https://git-lfs.github.com/spec/v1
oid sha256:63f5af10730db70530627a01fbac194620e32d0a1a2855d70373e0e6dc078b5c
size 2073
