version https://git-lfs.github.com/spec/v1
oid sha256:d1061113712ec07530baaf7698d82d06be4b288aae4806d2e4458f027fc9d407
size 1487
